[хочузагар.рф/index.html]
[backblue.gif]
[fade.gif]
[index.html]
[хочузагар.рф/wp-content/plugins/LayerSlider/assets/static/layerslider/css/layersliderf719.css]
[хочузагар.рф/comments/feed/index.html]
[хочузагар.рф/feed/index.html]
[s.w.org/index.html]
[хочузагар.рф/wp-includes/css/dist/block-library/style.min37ad.css]
[хочузагар.рф/wp-content/plugins/contact-form-7/includes/css/styles5697.css]
[хочузагар.рф/wp-content/plugins/wp-carousel-free/public/css/slick.min8dff.css]
[хочузагар.рф/wp-content/plugins/wp-carousel-free/public/css/font-awesome.min8dff.css]
[хочузагар.рф/wp-content/plugins/wp-carousel-free/public/css/wp-carousel-free-public.min8dff.css]
[хочузагар.рф/wp-content/themes/betheme_v26_распак/assets/animations/animations.min4828.css]
[хочузагар.рф/wp-content/themes/betheme_v26_распак/css/be4828.css]
[хочузагар.рф/wp-content/themes/betheme_v26_распак/fonts/fontawesome/fontawesome4828.css]
[хочузагар.рф/wp-content/themes/betheme_v26_распак/assets/jplayer/css/jplayer.blue.monday.min4828.css]
[хочузагар.рф/wp-content/themes/betheme_v26_распак/css/responsive4828.css]
[хочузагар.рф/wp-content/uploads/2022/08/gothampro.ttf]
[хочузагар.рф/wp-content/uploads/2022/08/gothampro_light.ttf]
[хочузагар.рф/wp-includes/js/jquery/jquery-migrate.mind617.js]
[хочузагар.рф/wp-includes/js/jquery/jquery.minaf6c.js]
[хочузагар.рф/wp-content/plugins/LayerSlider/assets/static/layerslider/js/layerslider.transitionsf719.js]
[хочузагар.рф/wp-json/wp/v2/pages/37.json]
[хочузагар.рф/wp-content/plugins/LayerSlider/assets/static/layerslider/js/layerslider.utilsf719.js]
[хочузагар.рф/wp-content/plugins/LayerSlider/assets/static/layerslider/js/layerslider.kreaturamedia.jqueryf719.js]
[хочузагар.рф/wp-json/index.html]
[хочузагар.рф/xmlrpc0db0.php]
[хочузагар.рф/wp-includes/wlwmanifest.xml]
[хочузагар.рф/wp-json/oembed/1.0/embed34fb.json]
[хочузагар.рф/wp-json/oembed/1.0/embedbc12]
[хочузагар.рф/wp-content/uploads/2022/08/cropped-icon-32x32.jpg]
[хочузагар.рф/wp-content/uploads/2022/08/cropped-icon-192x192.jpg]
[хочузагар.рф/wp-content/uploads/2022/08/cropped-icon-180x180.jpg]
[хочузагар.рф/wp-content/uploads/2022/08/logo_dark.png]
[хочузагар.рф/wp-content/uploads/2022/08/logo_1_3.png]
[хочузагар.рф/о-студиях/index.html]
[хочузагар.рф/wp-content/plugins/revslider/public/assets/assets/dummy.png]
[хочузагар.рф/wp-content/uploads/2022/08/video-output-25028BDC-5A5C-4243-A7AB-F2313CF6D02-—-копия.qt]
[хочузагар.рф/wp-content/uploads/2018/10/home_manicure2_pic5.png]
[хочузагар.рф/о-загаре/index.html]
[хочузагар.рф/wp-content/uploads/2022/08/IMG_2079-scaled.jpg]
[хочузагар.рф/подготовка-к-процедуре/index.html]
[хочузагар.рф/wp-content/uploads/2022/08/video-output-BA732C88-0466-4ADB-8D1F-5B8C1472618B-—-копия-3.qt]
[хочузагар.рф/wp-content/uploads/2022/08/прайс_п_Монтажная-область-1-scaled.jpg]
[хочузагар.рф/wp-content/uploads/2022/08/IMG_3823.jpg]
[хочузагар.рф/wp-content/uploads/2022/08/IMG_3824.jpg]
[хочузагар.рф/wp-content/uploads/2022/08/IMG_3825.jpg]
[хочузагар.рф/wp-content/uploads/2022/08/IMG_3826.jpg]
[хочузагар.рф/wp-content/uploads/2022/08/IMG_3827.jpg]
[хочузагар.рф/уход-после-процедуры/index.html]
[хочузагар.рф/wp-content/uploads/2022/08/IMG_3828.jpg]
[хочузагар.рф/галерея/index.html]
[хочузагар.рф/wp-content/uploads/2022/08/IMG_3829.jpg]
[хочузагар.рф/wp-content/uploads/2022/08/IMG_3830.jpg]
[хочузагар.рф/wp-content/uploads/2022/08/IMG_3831.jpg]
[хочузагар.рф/wp-content/uploads/2022/08/IMG_3832.jpg]
[хочузагар.рф/wp-content/uploads/2022/08/IMG_3833.jpg]
[хочузагар.рф/wp-content/uploads/2022/08/IMG_3834.jpg]
[хочузагар.рф/wp-content/uploads/2022/08/IMG_3835.jpg]
[хочузагар.рф/wp-content/uploads/2022/08/IMG_3836.jpg]
[хочузагар.рф/wp-content/uploads/2022/08/IMG_3837.jpg]
[хочузагар.рф/wp-content/uploads/2022/08/IMG_3838.jpg]
[хочузагар.рф/wp-content/uploads/2022/08/IMG_3839.jpg]
[хочузагар.рф/wp-content/uploads/2022/08/IMG_3840.jpg]
[хочузагар.рф/wp-content/uploads/2022/08/IMG_3841.jpg]
[хочузагар.рф/wp-content/uploads/2022/08/IMG_3842.png]
[хочузагар.рф/wp-content/uploads/2022/08/IMG_3843.jpg]
[хочузагар.рф/wp-content/uploads/2022/08/IMG_3844.jpg]
[хочузагар.рф/wp-content/uploads/2022/08/IMG_3845.jpg]
[хочузагар.рф/wp-content/uploads/2022/08/IMG_3846.jpg]
[хочузагар.рф/wp-content/uploads/2022/08/IMG_3847.jpg]
[хочузагар.рф/wp-content/uploads/2022/08/IMG_3848.jpg]
[хочузагар.рф/wp-content/uploads/2022/08/IMG_3849.jpg]
[хочузагар.рф/wp-content/uploads/2022/08/IMG_3850.jpg]
[хочузагар.рф/wp-content/uploads/2022/08/IMG_3851.jpg]
[хочузагар.рф/wp-content/uploads/2022/08/IMG_3852.jpg]
[хочузагар.рф/wp-content/uploads/betheme/css/post-37b2d2.css]
[хочузагар.рф/wp-content/plugins/revslider/public/assets/css/rs6b02e.css]
[хочузагар.рф/wp-includes/js/dist/vendor/regenerator-runtime.min3937.js]
[хочузагар.рф/обучение/index.html]
[хочузагар.рф/wp-includes/js/dist/vendor/wp-polyfill.min2c7c.js]
[хочузагар.рф/wp-content/plugins/contact-form-7/includes/js/index5697.js]
[хочузагар.рф/wp-content/plugins/revslider/public/assets/js/rbtools.min8331.js]
[хочузагар.рф/wp-content/plugins/wp-carousel-free/public/js/wp-carousel-free-public.min8dff.js]
[хочузагар.рф/wp-includes/js/jquery/ui/core.min0028.js]
[хочузагар.рф/wp-includes/js/jquery/ui/tabs.min0028.js]
[хочузагар.рф/wp-content/plugins/revslider/public/assets/js/rs6.minb02e.js]
[хочузагар.рф/wp-content/themes/betheme_v26_распак/js/menu4828.js]
[хочузагар.рф/wp-content/themes/betheme_v26_распак/assets/animations/animations.min4828.js]
[хочузагар.рф/wp-content/themes/betheme_v26_распак/assets/jplayer/jplayer.min4828.js]
[хочузагар.рф/wp-content/themes/betheme_v26_распак/js/plugins4828.js]
[хочузагар.рф/wp-content/themes/betheme_v26_распак/js/parallax/translate3d4828.js]
[хочузагар.рф/index.html]
[хочузагар.рф/wp-content/plugins/wp-carousel-free/public/js/preloader.min8dff.js]
[хочузагар.рф/wp-content/themes/betheme_v26_распак/js/scripts4828.js]
[s.w.org/index.html]
[хочузагар.рф/wp-json/wp/v2/pages/374.json]
[хочузагар.рф/wp-json/oembed/1.0/embedee03.json]
[хочузагар.рф/wp-json/oembed/1.0/embed9358]
[хочузагар.рф/wp-content/uploads/2022/08/IMG_9764-1.png]
[хочузагар.рф/о-студиях/index.html]
[хочузагар.рф/wp-content/uploads/betheme/css/post-374b2bf.css]
[хочузагар.рф/wp-json/wp/v2/pages/441.json]
[хочузагар.рф/wp-json/oembed/1.0/embed6fb2.json]
[хочузагар.рф/wp-json/oembed/1.0/embedadda]
[хочузагар.рф/wp-content/uploads/2022/08/IMG_0387-scaled.jpg]
[хочузагар.рф/wp-content/uploads/2022/08/IMG_0376-1-scaled.jpg]
[хочузагар.рф/wp-content/uploads/2022/08/IMG_2927-scaled.jpg]
[хочузагар.рф/wp-content/uploads/2022/08/IMG_2969-scaled.jpg]
[хочузагар.рф/wp-content/uploads/2022/08/IMG_3270-scaled.jpg]
[хочузагар.рф/wp-content/uploads/betheme/css/post-4413b70.css]
[хочузагар.рф/о-загаре/index.html]
[хочузагар.рф/wp-json/wp/v2/pages/458.json]
[хочузагар.рф/wp-json/oembed/1.0/embed081d.json]
[хочузагар.рф/wp-json/oembed/1.0/embed1b33]
[хочузагар.рф/wp-content/uploads/2022/08/IMG_2354-scaled.jpg]
[хочузагар.рф/подготовка-к-процедуре/index.html]
[хочузагар.рф/wp-content/uploads/betheme/css/post-4585d7b.css]
[хочузагар.рф/wp-json/wp/v2/pages/468.json]
[хочузагар.рф/wp-json/oembed/1.0/embed5006.json]
[хочузагар.рф/wp-json/oembed/1.0/embed84a2]
[хочузагар.рф/уход-после-процедуры/index.html]
[хочузагар.рф/wp-content/uploads/betheme/css/post-468e2cf.css]
[хочузагар.рф/галерея/feed/index.html]
[хочузагар.рф/wp-json/wp/v2/pages/44.json]
[хочузагар.рф/wp-json/oembed/1.0/embeddd52.json]
[хочузагар.рф/wp-json/oembed/1.0/embedfb21]
[хочузагар.рф/wp-content/uploads/2022/08/IMG_9387-scaled.jpg]
[хочузагар.рф/wp-content/uploads/2022/08/IMG_9384-scaled.jpg]
[хочузагар.рф/wp-content/uploads/2022/08/IMG_8568.jpg]
[хочузагар.рф/wp-content/uploads/2022/08/IMG_8561.jpg]
[хочузагар.рф/wp-content/uploads/2022/08/IMG_2904-scaled.jpg]
[хочузагар.рф/wp-content/uploads/2022/08/IMG_2903-scaled.jpg]
[хочузагар.рф/wp-content/uploads/2022/08/IMG_2873.jpg]
[хочузагар.рф/wp-content/uploads/2022/08/IMG_2779.jpg]
[хочузагар.рф/wp-content/uploads/2022/08/IMG_9609-scaled.jpg]
[хочузагар.рф/wp-content/uploads/2022/08/IMG_9625-scaled.jpg]
[хочузагар.рф/wp-content/uploads/2022/08/IMG_9858.jpg]
[хочузагар.рф/wp-content/uploads/2022/08/IMG_2920-scaled.jpg]
[хочузагар.рф/wp-content/uploads/2022/08/IMG_2319.jpg]
[хочузагар.рф/wp-content/uploads/2022/08/IMG_2252.jpg]
[хочузагар.рф/wp-content/uploads/2022/08/IMG_1944.jpg]
[хочузагар.рф/wp-content/uploads/2022/08/IMG_1756.jpg]
[хочузагар.рф/wp-content/uploads/2022/08/IMG_1553-scaled.jpg]
[хочузагар.рф/wp-content/uploads/2022/08/0d55eb0a-f20e-43a8-92d9-0b53d8032278.jpg]
[хочузагар.рф/wp-content/uploads/2022/08/99D8CA7D-180B-49DC-8A67-6515992316D6.jpg]
[хочузагар.рф/wp-content/uploads/2022/08/377BC8DB-93EC-46AD-AA9F-9E854467D5FB.jpg]
[хочузагар.рф/wp-content/uploads/2022/08/B9C30B74-76D6-4FB0-B3A1-E3E5BB929824.jpg]
[хочузагар.рф/wp-content/uploads/2022/08/IMG_0386-1-scaled.jpg]
[хочузагар.рф/wp-content/uploads/2022/08/IMG_0387-1-scaled.jpg]
[хочузагар.рф/wp-content/uploads/2022/08/IMG_2282.jpg]
[хочузагар.рф/wp-content/uploads/betheme/css/post-44aa5a.css]
[хочузагар.рф/галерея/index.html]
[хочузагар.рф/wp-json/wp/v2/pages/497.json]
[хочузагар.рф/wp-json/oembed/1.0/embed4391.json]
[хочузагар.рф/wp-json/oembed/1.0/embedcee7]
[хочузагар.рф/wp-content/uploads/2022/08/image_education.jpg]
[хочузагар.рф/wp-content/uploads/betheme/css/post-497f70b.css]
[хочузагар.рф/обучение/index.html]
[fonts.googleapis.com/csscfd7.css]
[хочузагар.рф/index9222.html]
[хочузагар.рф/indexdf01.html]
[хочузагар.рф/indexf7f8.html]
[хочузагар.рф/index4c66.html]
[хочузагар.рф/index49b1.html]
[хочузагар.рф/indexdd54.html]
[хочузагар.рф/wp-content/plugins/LayerSlider/assets/static/layerslider/css/layersliderf719.css]
[хочузагар.рф/wp-includes/css/dist/block-library/style.min37ad.css]
[хочузагар.рф/wp-content/plugins/contact-form-7/includes/css/styles5697.css]
[хочузагар.рф/wp-json/index.html]
[хочузагар.рф/wp-json/wp/v2/pages/37.json]
[хочузагар.рф/wp-json/oembed/1.0/embed34fb.json]
[хочузагар.рф/wp-content/plugins/wp-carousel-free/public/css/slick.min8dff.css]
[хочузагар.рф/wp-content/plugins/wp-carousel-free/public/css/font-awesome.min8dff.css]
[хочузагар.рф/wp-content/plugins/wp-carousel-free/public/css/wp-carousel-free-public.min8dff.css]
[хочузагар.рф/wp-content/themes/betheme_v26_распак/css/be4828.css]
[хочузагар.рф/wp-content/themes/betheme_v26_распак/assets/animations/animations.min4828.css]
[хочузагар.рф/wp-content/themes/betheme_v26_распак/fonts/fontawesome/fontawesome4828.css]
[хочузагар.рф/wp-content/themes/betheme_v26_распак/assets/jplayer/css/jplayer.blue.monday.min4828.css]
[хочузагар.рф/wp-content/themes/betheme_v26_распак/css/responsive4828.css]
[хочузагар.рф/wp-content/uploads/betheme/css/post-374b6a9.css]
[хочузагар.рф/о-студиях/index.html]
[хочузагар.рф/wp-content/plugins/wp-carousel-free/public/css/spinner.svg]
[хочузагар.рф/wp-content/uploads/2022/08/instagramH.svg]
[хочузагар.рф/wp-content/themes/betheme_v26_распак/js/plugins4828.js]
[хочузагар.рф/wp-content/uploads/2022/08/vkH.svg]
[хочузагар.рф/wp-content/uploads/2022/08/whatH.svg]
[хочузагар.рф/wp-content/plugins/revslider/public/assets/js/rs6.minb02e.js]
[хочузагар.рф/wp-content/uploads/betheme/css/post-37b2d2.css]
[хочузагар.рф/wp-json/oembed/1.0/embedee03.json]
[хочузагар.рф/wp-content/plugins/revslider/public/assets/css/rs6b02e.css]
[хочузагар.рф/wp-json/wp/v2/pages/441.json]
[хочузагар.рф/wp-json/oembed/1.0/embed6fb2.json]
[хочузагар.рф/index9222.html]
[хочузагар.рф/wp-content/uploads/betheme/css/post-374b2bf.css]
[хочузагар.рф/indexdf01.html]
[хочузагар.рф/wp-content/uploads/betheme/css/post-4413b70.css]
[хочузагар.рф/wp-json/oembed/1.0/embed081d.json]
[хочузагар.рф/wp-json/wp/v2/pages/458.json]
[хочузагар.рф/indexf7f8.html]
[хочузагар.рф/wp-json/wp/v2/pages/468.json]
[хочузагар.рф/wp-json/oembed/1.0/embed5006.json]
[хочузагар.рф/галерея/feed/index.html]
[хочузагар.рф/wp-content/uploads/2022/08/1-1.svg]
[хочузагар.рф/wp-json/wp/v2/pages/44.json]
[хочузагар.рф/wp-content/uploads/2022/08/2-1.svg]
[хочузагар.рф/wp-json/oembed/1.0/embeddd52.json]
[хочузагар.рф/wp-content/uploads/2022/08/3-1.svg]
[хочузагар.рф/wp-content/uploads/2022/08/4-1.svg]
[хочузагар.рф/wp-content/uploads/2022/08/5-1.svg]
[хочузагар.рф/wp-content/uploads/betheme/css/post-4585d7b.css]
[хочузагар.рф/index4c66.html]
[хочузагар.рф/wp-content/uploads/2022/08/1.svg]
[хочузагар.рф/wp-content/uploads/2022/08/2.svg]
[хочузагар.рф/wp-json/wp/v2/pages/497.json]
[хочузагар.рф/wp-json/oembed/1.0/embed4391.json]
[хочузагар.рф/wp-content/uploads/2022/08/3.svg]
[хочузагар.рф/wp-content/uploads/2022/08/4.svg]
[хочузагар.рф/wp-content/uploads/2022/08/video-output-BA732C88-0466-4ADB-8D1F-5B8C1472618B-—-копия-3.qt]
[хочузагар.рф/wp-content/uploads/2022/08/video-output-25028BDC-5A5C-4243-A7AB-F2313CF6D02-—-копия.qt]
[хочузагар.рф/wp-content/uploads/2022/08/Frame-8-scaled.jpg]
[хочузагар.рф/wp-content/uploads/2022/08/5.svg]
[хочузагар.рф/wp-content/uploads/2022/08/IMG_3825.jpg]
[хочузагар.рф/wp-content/uploads/betheme/css/post-468e2cf.css]
[хочузагар.рф/index49b1.html]
[хочузагар.рф/wp-content/uploads/2022/08/IMG_3826.jpg]
[хочузагар.рф/wp-content/uploads/2022/08/icons8-instagram.svg]
[хочузагар.рф/wp-content/plugins/wp-carousel-free/public/js/slick.min8dff.js]
[хочузагар.рф/wp-content/uploads/betheme/css/post-44aa5a.css]
[хочузагар.рф/indexdd54.html]
[хочузагар.рф/wp-content/uploads/2022/08/learn.svg]
[хочузагар.рф/wp-content/uploads/betheme/css/post-497f70b.css]
[хочузагар.рф/wp-content/uploads/betheme/css/post-374b6a9.css]
[хочузагар.рф/wp-content/uploads/2022/08/video-output-BA732C88-0466-4ADB-8D1F-5B8C1472618B-—-копия-3.qt]
